// Jest Snapshot v1, https://goo.gl/fbAQLP

exports[`Suite de pruebas para element Should be match with snapshot 1`] = `
<div>
  <div
    class="container p-0"
  >
    <p>
      Cargando
    </p>
  </div>
</div>
`;

exports[`Suite de pruebas para element Should be match with snapshot when the elements are load 1`] = `undefined`;
